[{
	"resource": "/c:/Users/Archi/Desktop/mc-plugin-generator/output/CustomDespawn/src/main/java/com/customdespawn/config/CustomDespawnConfig.java",
	"owner": "_generated_diagnostic_collection_name_#2",
	"code": "errors(1): 5:8-5:11",
	"severity": 8,
	"message": "package org.bukkit does not exist",
	"startLineNumber": 5,
	"startColumn": 8,
	"endLineNumber": 5,
	"endColumn": 11,
	"modelVersionId": 1,
	"origin": "extHost1"
},{
	"resource": "/c:/Users/Archi/Desktop/mc-plugin-generator/output/CustomDespawn/src/main/java/com/customdespawn/config/CustomDespawnConfig.java",
	"owner": "_generated_diagnostic_collection_name_#2",
	"code": "errors(2): 6:8-6:11",
	"severity": 8,
	"message": "package org.bukkit.configuration does not exist",
	"startLineNumber": 6,
	"startColumn": 8,
	"endLineNumber": 6,
	"endColumn": 11,
	"modelVersionId": 1,
	"origin": "extHost1"
},{
	"resource": "/c:/Users/Archi/Desktop/mc-plugin-generator/output/CustomDespawn/src/main/java/com/customdespawn/config/CustomDespawnConfig.java",
	"owner": "_generated_diagnostic_collection_name_#2",
	"code": "errors(3): 7:8-7:11",
	"severity": 8,
	"message": "package org.bukkit.configuration.file does not exist",
	"startLineNumber": 7,
	"startColumn": 8,
	"endLineNumber": 7,
	"endColumn": 11,
	"modelVersionId": 1,
	"origin": "extHost1"
},{
	"resource": "/c:/Users/Archi/Desktop/mc-plugin-generator/output/CustomDespawn/src/main/java/com/customdespawn/config/CustomDespawnConfig.java",
	"owner": "_generated_diagnostic_collection_name_#2",
	"code": "errors(4): 19:13-19:30",
	"severity": 8,
	"message": "cannot find symbol\n  symbol:   class FileConfiguration\n  location: class CustomDespawnConfig",
	"startLineNumber": 19,
	"startColumn": 13,
	"endLineNumber": 19,
	"endColumn": 30,
	"modelVersionId": 1,
	"origin": "extHost1"
},{
	"resource": "/c:/Users/Archi/Desktop/mc-plugin-generator/output/CustomDespawn/src/main/java/com/customdespawn/config/CustomDespawnConfig.java",
	"owner": "_generated_diagnostic_collection_name_#2",
	"code": "errors(8): 33:16-33:28",
	"severity": 8,
	"message": "cannot find symbol\n  symbol:   method reloadConfig()\n  location: variable plugin of type CustomDespawnPlugin",
	"startLineNumber": 33,
	"startColumn": 16,
	"endLineNumber": 33,
	"endColumn": 28,
	"modelVersionId": 1,
	"origin": "extHost1"
},{
	"resource": "/c:/Users/Archi/Desktop/mc-plugin-generator/output/CustomDespawn/src/main/java/com/customdespawn/config/CustomDespawnConfig.java",
	"owner": "_generated_diagnostic_collection_name_#2",
	"code": "errors(9): 34:30-34:39",
	"severity": 8,
	"message": "cannot find symbol\n  symbol:   method getConfig()\n  location: variable plugin of type CustomDespawnPlugin",
	"startLineNumber": 34,
	"startColumn": 30,
	"endLineNumber": 34,
	"endColumn": 39,
	"modelVersionId": 1,
	"origin": "extHost1"
},{
	"resource": "/c:/Users/Archi/Desktop/mc-plugin-generator/output/CustomDespawn/src/main/java/com/customdespawn/config/CustomDespawnConfig.java",
	"owner": "_generated_diagnostic_collection_name_#2",
	"code": "errors(10): 44:16-44:25",
	"severity": 8,
	"message": "cannot find symbol\n  symbol:   method getLogger()\n  location: variable plugin of type CustomDespawnPlugin",
	"startLineNumber": 44,
	"startColumn": 16,
	"endLineNumber": 44,
	"endColumn": 25,
	"modelVersionId": 1,
	"origin": "extHost1"
},{
	"resource": "/c:/Users/Archi/Desktop/mc-plugin-generator/output/CustomDespawn/src/main/java/com/customdespawn/config/CustomDespawnConfig.java",
	"owner": "_generated_diagnostic_collection_name_#2",
	"code": "errors(11): 49:9-49:29",
	"severity": 8,
	"message": "cannot find symbol\n  symbol:   class ConfigurationSection\n  location: class CustomDespawnConfig",
	"startLineNumber": 49,
	"startColumn": 9,
	"endLineNumber": 49,
	"endColumn": 29,
	"modelVersionId": 1,
	"origin": "extHost1"
},{
	"resource": "/c:/Users/Archi/Desktop/mc-plugin-generator/output/CustomDespawn/src/main/java/com/customdespawn/config/CustomDespawnConfig.java",
	"owner": "_generated_diagnostic_collection_name_#2",
	"code": "errors(12): 55:13-55:33",
	"severity": 8,
	"message": "cannot find symbol\n  symbol:   class ConfigurationSection\n  location: class CustomDespawnConfig",
	"startLineNumber": 55,
	"startColumn": 13,
	"endLineNumber": 55,
	"endColumn": 33,
	"modelVersionId": 1,
	"origin": "extHost1"
},{
	"resource": "/c:/Users/Archi/Desktop/mc-plugin-generator/output/CustomDespawn/src/main/java/com/customdespawn/config/CustomDespawnConfig.java",
	"owner": "_generated_diagnostic_collection_name_#2",
	"code": "errors(13): 62:24-62:33",
	"severity": 8,
	"message": "cannot find symbol\n  symbol:   method getLogger()\n  location: variable plugin of type CustomDespawnPlugin",
	"startLineNumber": 62,
	"startColumn": 24,
	"endLineNumber": 62,
	"endColumn": 33,
	"modelVersionId": 1,
	"origin": "extHost1"
},{
	"resource": "/c:/Users/Archi/Desktop/mc-plugin-generator/output/CustomDespawn/src/main/java/com/customdespawn/config/CustomDespawnConfig.java",
	"owner": "_generated_diagnostic_collection_name_#2",
	"code": "errors(14): 67:17-67:25",
	"severity": 8,
	"message": "cannot find symbol\n  symbol:   class Material\n  location: class CustomDespawnConfig",
	"startLineNumber": 67,
	"startColumn": 17,
	"endLineNumber": 67,
	"endColumn": 25,
	"modelVersionId": 1,
	"origin": "extHost1"
},{
	"resource": "/c:/Users/Archi/Desktop/mc-plugin-generator/output/CustomDespawn/src/main/java/com/customdespawn/config/CustomDespawnConfig.java",
	"owner": "_generated_diagnostic_collection_name_#2",
	"code": "errors(15): 70:36-70:44",
	"severity": 8,
	"message": "cannot find symbol\n  symbol:   variable Material\n  location: class CustomDespawnConfig",
	"startLineNumber": 70,
	"startColumn": 36,
	"endLineNumber": 70,
	"endColumn": 44,
	"modelVersionId": 1,
	"origin": "extHost1"
},{
	"resource": "/c:/Users/Archi/Desktop/mc-plugin-generator/output/CustomDespawn/src/main/java/com/customdespawn/config/CustomDespawnConfig.java",
	"owner": "_generated_diagnostic_collection_name_#2",
	"code": "errors(16): 72:36-72:45",
	"severity": 8,
	"message": "cannot find symbol\n  symbol:   method getLogger()\n  location: variable plugin of type CustomDespawnPlugin",
	"startLineNumber": 72,
	"startColumn": 36,
	"endLineNumber": 72,
	"endColumn": 45,
	"modelVersionId": 1,
	"origin": "extHost1"
},{
	"resource": "/c:/Users/Archi/Desktop/mc-plugin-generator/output/CustomDespawn/src/main/java/com/customdespawn/config/CustomDespawnConfig.java",
	"owner": "_generated_diagnostic_collection_name_#2",
	"code": "errors(5): 112:27-112:35",
	"severity": 8,
	"message": "cannot find symbol\n  symbol:   class Material\n  location: class CustomRule",
	"startLineNumber": 112,
	"startColumn": 27,
	"endLineNumber": 112,
	"endColumn": 35,
	"modelVersionId": 1,
	"origin": "extHost1"
},{
	"resource": "/c:/Users/Archi/Desktop/mc-plugin-generator/output/CustomDespawn/src/main/java/com/customdespawn/config/CustomDespawnConfig.java",
	"owner": "_generated_diagnostic_collection_name_#2",
	"code": "errors(6): 114:47-114:55",
	"severity": 8,
	"message": "cannot find symbol\n  symbol:   class Material\n  location: class CustomRule",
	"startLineNumber": 114,
	"startColumn": 47,
	"endLineNumber": 114,
	"endColumn": 55,
	"modelVersionId": 1,
	"origin": "extHost1"
},{
	"resource": "/c:/Users/Archi/Desktop/mc-plugin-generator/output/CustomDespawn/src/main/java/com/customdespawn/config/CustomDespawnConfig.java",
	"owner": "_generated_diagnostic_collection_name_#2",
	"code": "errors(7): 123:20-123:28",
	"severity": 8,
	"message": "cannot find symbol\n  symbol:   class Material\n  location: class CustomRule",
	"startLineNumber": 123,
	"startColumn": 20,
	"endLineNumber": 123,
	"endColumn": 28,
	"modelVersionId": 1,
	"origin": "extHost1"
},{
	"resource": "/c:/Users/Archi/Desktop/mc-plugin-generator/output/CustomDespawn/src/main/java/com/customdespawn/config/CustomDespawnConfig.java",
	"owner": "_generated_diagnostic_collection_name_#2",
	"code": "hints(1): 29:9-29:19",
	"severity": 4,
	"message": "Overridable method call in constructor",
	"startLineNumber": 29,
	"startColumn": 9,
	"endLineNumber": 29,
	"endColumn": 19,
	"modelVersionId": 1,
	"origin": "extHost1"
},{
	"resource": "/c:/Users/Archi/Desktop/mc-plugin-generator/output/CustomDespawn/src/main/java/com/customdespawn/CustomDespawnPlugin.java",
	"owner": "_generated_diagnostic_collection_name_#2",
	"code": "errors(1): 3:8-3:11",
	"severity": 8,
	"message": "package com.customdespawn.config does not exist",
	"startLineNumber": 3,
	"startColumn": 8,
	"endLineNumber": 3,
	"endColumn": 11,
	"origin": "extHost1"
},{
	"resource": "/c:/Users/Archi/Desktop/mc-plugin-generator/output/CustomDespawn/src/main/java/com/customdespawn/CustomDespawnPlugin.java",
	"owner": "_generated_diagnostic_collection_name_#2",
	"code": "errors(2): 4:8-4:11",
	"severity": 8,
	"message": "package com.customdespawn.listeners does not exist",
	"startLineNumber": 4,
	"startColumn": 8,
	"endLineNumber": 4,
	"endColumn": 11,
	"origin": "extHost1"
},{
	"resource": "/c:/Users/Archi/Desktop/mc-plugin-generator/output/CustomDespawn/src/main/java/com/customdespawn/CustomDespawnPlugin.java",
	"owner": "_generated_diagnostic_collection_name_#2",
	"code": "errors(3): 5:8-5:11",
	"severity": 8,
	"message": "package com.customdespawn.listeners does not exist",
	"startLineNumber": 5,
	"startColumn": 8,
	"endLineNumber": 5,
	"endColumn": 11,
	"origin": "extHost1"
},{
	"resource": "/c:/Users/Archi/Desktop/mc-plugin-generator/output/CustomDespawn/src/main/java/com/customdespawn/CustomDespawnPlugin.java",
	"owner": "_generated_diagnostic_collection_name_#2",
	"code": "errors(4): 6:31-6:41",
	"severity": 8,
	"message": "cannot find symbol\n  symbol:   class JavaPlugin\n  location: package org.bukkit.plugin.java",
	"startLineNumber": 6,
	"startColumn": 31,
	"endLineNumber": 6,
	"endColumn": 41,
	"origin": "extHost1"
},{
	"resource": "/c:/Users/Archi/Desktop/mc-plugin-generator/output/CustomDespawn/src/main/java/com/customdespawn/CustomDespawnPlugin.java",
	"owner": "_generated_diagnostic_collection_name_#2",
	"code": "errors(5): 8:48-8:58",
	"severity": 8,
	"message": "cannot find symbol\n  symbol: class JavaPlugin",
	"startLineNumber": 8,
	"startColumn": 48,
	"endLineNumber": 8,
	"endColumn": 58,
	"origin": "extHost1"
},{
	"resource": "/c:/Users/Archi/Desktop/mc-plugin-generator/output/CustomDespawn/src/main/java/com/customdespawn/CustomDespawnPlugin.java",
	"owner": "_generated_diagnostic_collection_name_#2",
	"code": "errors(6): 11:13-11:32",
	"severity": 8,
	"message": "cannot find symbol\n  symbol:   class CustomDespawnConfig\n  location: class CustomDespawnPlugin",
	"startLineNumber": 11,
	"startColumn": 13,
	"endLineNumber": 11,
	"endColumn": 32,
	"origin": "extHost1"
},{
	"resource": "/c:/Users/Archi/Desktop/mc-plugin-generator/output/CustomDespawn/src/main/java/com/customdespawn/CustomDespawnPlugin.java",
	"owner": "_generated_diagnostic_collection_name_#2",
	"code": "errors(8): 13:5-13:14",
	"severity": 8,
	"message": "onEnable() in CustomDespawnPlugin does not override or implement a method from a supertype",
	"startLineNumber": 13,
	"startColumn": 5,
	"endLineNumber": 13,
	"endColumn": 14,
	"origin": "extHost1"
},{
	"resource": "/c:/Users/Archi/Desktop/mc-plugin-generator/output/CustomDespawn/src/main/java/com/customdespawn/CustomDespawnPlugin.java",
	"owner": "_generated_diagnostic_collection_name_#2",
	"code": "errors(9): 17:9-17:26",
	"severity": 8,
	"message": "cannot find symbol\n  symbol:   method saveDefaultConfig()\n  location: class CustomDespawnPlugin",
	"startLineNumber": 17,
	"startColumn": 9,
	"endLineNumber": 17,
	"endColumn": 26,
	"origin": "extHost1"
},{
	"resource": "/c:/Users/Archi/Desktop/mc-plugin-generator/output/CustomDespawn/src/main/java/com/customdespawn/CustomDespawnPlugin.java",
	"owner": "_generated_diagnostic_collection_name_#2",
	"code": "errors(10): 19:28-19:47",
	"severity": 8,
	"message": "cannot find symbol\n  symbol:   class CustomDespawnConfig\n  location: class CustomDespawnPlugin",
	"startLineNumber": 19,
	"startColumn": 28,
	"endLineNumber": 19,
	"endColumn": 47,
	"origin": "extHost1"
},{
	"resource": "/c:/Users/Archi/Desktop/mc-plugin-generator/output/CustomDespawn/src/main/java/com/customdespawn/CustomDespawnPlugin.java",
	"owner": "_generated_diagnostic_collection_name_#2",
	"code": "errors(12): 22:9-22:18",
	"severity": 8,
	"message": "cannot find symbol\n  symbol:   method getServer()\n  location: class CustomDespawnPlugin",
	"startLineNumber": 22,
	"startColumn": 9,
	"endLineNumber": 22,
	"endColumn": 18,
	"origin": "extHost1"
},{
	"resource": "/c:/Users/Archi/Desktop/mc-plugin-generator/output/CustomDespawn/src/main/java/com/customdespawn/CustomDespawnPlugin.java",
	"owner": "_generated_diagnostic_collection_name_#2",
	"code": "errors(11): 22:59-22:76",
	"severity": 8,
	"message": "cannot find symbol\n  symbol:   class ItemSpawnListener\n  location: class CustomDespawnPlugin",
	"startLineNumber": 22,
	"startColumn": 59,
	"endLineNumber": 22,
	"endColumn": 76,
	"origin": "extHost1"
},{
	"resource": "/c:/Users/Archi/Desktop/mc-plugin-generator/output/CustomDespawn/src/main/java/com/customdespawn/CustomDespawnPlugin.java",
	"owner": "_generated_diagnostic_collection_name_#2",
	"code": "errors(14): 23:9-23:18",
	"severity": 8,
	"message": "cannot find symbol\n  symbol:   method getServer()\n  location: class CustomDespawnPlugin",
	"startLineNumber": 23,
	"startColumn": 9,
	"endLineNumber": 23,
	"endColumn": 18,
	"origin": "extHost1"
},{
	"resource": "/c:/Users/Archi/Desktop/mc-plugin-generator/output/CustomDespawn/src/main/java/com/customdespawn/CustomDespawnPlugin.java",
	"owner": "_generated_diagnostic_collection_name_#2",
	"code": "errors(13): 23:59-23:77",
	"severity": 8,
	"message": "cannot find symbol\n  symbol:   class PlayerJoinListener\n  location: class CustomDespawnPlugin",
	"startLineNumber": 23,
	"startColumn": 59,
	"endLineNumber": 23,
	"endColumn": 77,
	"origin": "extHost1"
},{
	"resource": "/c:/Users/Archi/Desktop/mc-plugin-generator/output/CustomDespawn/src/main/java/com/customdespawn/CustomDespawnPlugin.java",
	"owner": "_generated_diagnostic_collection_name_#2",
	"code": "errors(15): 25:9-25:18",
	"severity": 8,
	"message": "cannot find symbol\n  symbol:   method getLogger()\n  location: class CustomDespawnPlugin",
	"startLineNumber": 25,
	"startColumn": 9,
	"endLineNumber": 25,
	"endColumn": 18,
	"origin": "extHost1"
},{
	"resource": "/c:/Users/Archi/Desktop/mc-plugin-generator/output/CustomDespawn/src/main/java/com/customdespawn/CustomDespawnPlugin.java",
	"owner": "_generated_diagnostic_collection_name_#2",
	"code": "errors(16): 28:5-28:14",
	"severity": 8,
	"message": "onDisable() in CustomDespawnPlugin does not override or implement a method from a supertype",
	"startLineNumber": 28,
	"startColumn": 5,
	"endLineNumber": 28,
	"endColumn": 14,
	"origin": "extHost1"
},{
	"resource": "/c:/Users/Archi/Desktop/mc-plugin-generator/output/CustomDespawn/src/main/java/com/customdespawn/CustomDespawnPlugin.java",
	"owner": "_generated_diagnostic_collection_name_#2",
	"code": "errors(17): 30:9-30:18",
	"severity": 8,
	"message": "cannot find symbol\n  symbol:   method getLogger()\n  location: class CustomDespawnPlugin",
	"startLineNumber": 30,
	"startColumn": 9,
	"endLineNumber": 30,
	"endColumn": 18,
	"origin": "extHost1"
},{
	"resource": "/c:/Users/Archi/Desktop/mc-plugin-generator/output/CustomDespawn/src/main/java/com/customdespawn/CustomDespawnPlugin.java",
	"owner": "_generated_diagnostic_collection_name_#2",
	"code": "errors(7): 37:12-37:31",
	"severity": 8,
	"message": "cannot find symbol\n  symbol:   class CustomDespawnConfig\n  location: class CustomDespawnPlugin",
	"startLineNumber": 37,
	"startColumn": 12,
	"endLineNumber": 37,
	"endColumn": 31,
	"origin": "extHost1"
},{
	"resource": "/c:/Users/Archi/Desktop/mc-plugin-generator/output/CustomDespawn/src/main/java/com/customdespawn/listeners/ItemSpawnListener.java",
	"owner": "_generated_diagnostic_collection_name_#2",
	"code": "errors(1): 3:26-3:45",
	"severity": 8,
	"message": "cannot find symbol\n  symbol:   class CustomDespawnPlugin\n  location: package com.customdespawn",
	"startLineNumber": 3,
	"startColumn": 26,
	"endLineNumber": 3,
	"endColumn": 45,
	"origin": "extHost1"
},{
	"resource": "/c:/Users/Archi/Desktop/mc-plugin-generator/output/CustomDespawn/src/main/java/com/customdespawn/listeners/ItemSpawnListener.java",
	"owner": "_generated_diagnostic_collection_name_#2",
	"code": "errors(2): 4:8-4:11",
	"severity": 8,
	"message": "package com.customdespawn.config does not exist",
	"startLineNumber": 4,
	"startColumn": 8,
	"endLineNumber": 4,
	"endColumn": 11,
	"origin": "extHost1"
},{
	"resource": "/c:/Users/Archi/Desktop/mc-plugin-generator/output/CustomDespawn/src/main/java/com/customdespawn/listeners/ItemSpawnListener.java",
	"owner": "_generated_diagnostic_collection_name_#2",
	"code": "errors(3): 5:8-5:11",
	"severity": 8,
	"message": "package org.bukkit does not exist",
	"startLineNumber": 5,
	"startColumn": 8,
	"endLineNumber": 5,
	"endColumn": 11,
	"origin": "extHost1"
},{
	"resource": "/c:/Users/Archi/Desktop/mc-plugin-generator/output/CustomDespawn/src/main/java/com/customdespawn/listeners/ItemSpawnListener.java",
	"owner": "_generated_diagnostic_collection_name_#2",
	"code": "errors(4): 6:8-6:11",
	"severity": 8,
	"message": "package org.bukkit does not exist",
	"startLineNumber": 6,
	"startColumn": 8,
	"endLineNumber": 6,
	"endColumn": 11,
	"origin": "extHost1"
},{
	"resource": "/c:/Users/Archi/Desktop/mc-plugin-generator/output/CustomDespawn/src/main/java/com/customdespawn/listeners/ItemSpawnListener.java",
	"owner": "_generated_diagnostic_collection_name_#2",
	"code": "errors(5): 7:8-7:11",
	"severity": 8,
	"message": "package org.bukkit.entity does not exist",
	"startLineNumber": 7,
	"startColumn": 8,
	"endLineNumber": 7,
	"endColumn": 11,
	"origin": "extHost1"
},{
	"resource": "/c:/Users/Archi/Desktop/mc-plugin-generator/output/CustomDespawn/src/main/java/com/customdespawn/listeners/ItemSpawnListener.java",
	"owner": "_generated_diagnostic_collection_name_#2",
	"code": "errors(6): 8:8-8:11",
	"severity": 8,
	"message": "package org.bukkit.event does not exist",
	"startLineNumber": 8,
	"startColumn": 8,
	"endLineNumber": 8,
	"endColumn": 11,
	"origin": "extHost1"
},{
	"resource": "/c:/Users/Archi/Desktop/mc-plugin-generator/output/CustomDespawn/src/main/java/com/customdespawn/listeners/ItemSpawnListener.java",
	"owner": "_generated_diagnostic_collection_name_#2",
	"code": "errors(7): 9:8-9:11",
	"severity": 8,
	"message": "package org.bukkit.event does not exist",
	"startLineNumber": 9,
	"startColumn": 8,
	"endLineNumber": 9,
	"endColumn": 11,
	"origin": "extHost1"
},{
	"resource": "/c:/Users/Archi/Desktop/mc-plugin-generator/output/CustomDespawn/src/main/java/com/customdespawn/listeners/ItemSpawnListener.java",
	"owner": "_generated_diagnostic_collection_name_#2",
	"code": "errors(8): 10:8-10:11",
	"severity": 8,
	"message": "package org.bukkit.event does not exist",
	"startLineNumber": 10,
	"startColumn": 8,
	"endLineNumber": 10,
	"endColumn": 11,
	"origin": "extHost1"
},{
	"resource": "/c:/Users/Archi/Desktop/mc-plugin-generator/output/CustomDespawn/src/main/java/com/customdespawn/listeners/ItemSpawnListener.java",
	"owner": "_generated_diagnostic_collection_name_#2",
	"code": "errors(9): 11:8-11:11",
	"severity": 8,
	"message": "package org.bukkit.event.entity does not exist",
	"startLineNumber": 11,
	"startColumn": 8,
	"endLineNumber": 11,
	"endColumn": 11,
	"origin": "extHost1"
},{
	"resource": "/c:/Users/Archi/Desktop/mc-plugin-generator/output/CustomDespawn/src/main/java/com/customdespawn/listeners/ItemSpawnListener.java",
	"owner": "_generated_diagnostic_collection_name_#2",
	"code": "errors(10): 12:8-12:11",
	"severity": 8,
	"message": "package org.bukkit.event.entity does not exist",
	"startLineNumber": 12,
	"startColumn": 8,
	"endLineNumber": 12,
	"endColumn": 11,
	"origin": "extHost1"
},{
	"resource": "/c:/Users/Archi/Desktop/mc-plugin-generator/output/CustomDespawn/src/main/java/com/customdespawn/listeners/ItemSpawnListener.java",
	"owner": "_generated_diagnostic_collection_name_#2",
	"code": "errors(11): 13:8-13:11",
	"severity": 8,
	"message": "package org.bukkit.inventory does not exist",
	"startLineNumber": 13,
	"startColumn": 8,
	"endLineNumber": 13,
	"endColumn": 11,
	"origin": "extHost1"
},{
	"resource": "/c:/Users/Archi/Desktop/mc-plugin-generator/output/CustomDespawn/src/main/java/com/customdespawn/listeners/ItemSpawnListener.java",
	"owner": "_generated_diagnostic_collection_name_#2",
	"code": "errors(12): 14:8-14:11",
	"severity": 8,
	"message": "package org.bukkit.persistence does not exist",
	"startLineNumber": 14,
	"startColumn": 8,
	"endLineNumber": 14,
	"endColumn": 11,
	"origin": "extHost1"
},{
	"resource": "/c:/Users/Archi/Desktop/mc-plugin-generator/output/CustomDespawn/src/main/java/com/customdespawn/listeners/ItemSpawnListener.java",
	"owner": "_generated_diagnostic_collection_name_#2",
	"code": "errors(13): 21:43-21:51",
	"severity": 8,
	"message": "cannot find symbol\n  symbol: class Listener",
	"startLineNumber": 21,
	"startColumn": 43,
	"endLineNumber": 21,
	"endColumn": 51,
	"origin": "extHost1"
},{
	"resource": "/c:/Users/Archi/Desktop/mc-plugin-generator/output/CustomDespawn/src/main/java/com/customdespawn/listeners/ItemSpawnListener.java",
	"owner": "_generated_diagnostic_collection_name_#2",
	"code": "errors(14): 23:19-23:38",
	"severity": 8,
	"message": "cannot find symbol\n  symbol:   class CustomDespawnPlugin\n  location: class ItemSpawnListener",
	"startLineNumber": 23,
	"startColumn": 19,
	"endLineNumber": 23,
	"endColumn": 38,
	"origin": "extHost1"
},{
	"resource": "/c:/Users/Archi/Desktop/mc-plugin-generator/output/CustomDespawn/src/main/java/com/customdespawn/listeners/ItemSpawnListener.java",
	"owner": "_generated_diagnostic_collection_name_#2",
	"code": "errors(15): 24:19-24:38",
	"severity": 8,
	"message": "cannot find symbol\n  symbol:   class CustomDespawnConfig\n  location: class ItemSpawnListener",
	"startLineNumber": 24,
	"startColumn": 19,
	"endLineNumber": 24,
	"endColumn": 38,
	"origin": "extHost1"
},{
	"resource": "/c:/Users/Archi/Desktop/mc-plugin-generator/output/CustomDespawn/src/main/java/com/customdespawn/listeners/ItemSpawnListener.java",
	"owner": "_generated_diagnostic_collection_name_#2",
	"code": "errors(16): 25:19-25:32",
	"severity": 8,
	"message": "cannot find symbol\n  symbol:   class NamespacedKey\n  location: class ItemSpawnListener",
	"startLineNumber": 25,
	"startColumn": 19,
	"endLineNumber": 25,
	"endColumn": 32,
	"origin": "extHost1"
},{
	"resource": "/c:/Users/Archi/Desktop/mc-plugin-generator/output/CustomDespawn/src/main/java/com/customdespawn/listeners/ItemSpawnListener.java",
	"owner": "_generated_diagnostic_collection_name_#2",
	"code": "errors(17): 27:30-27:49",
	"severity": 8,
	"message": "cannot find symbol\n  symbol:   class CustomDespawnPlugin\n  location: class ItemSpawnListener",
	"startLineNumber": 27,
	"startColumn": 30,
	"endLineNumber": 27,
	"endColumn": 49,
	"origin": "extHost1"
},{
	"resource": "/c:/Users/Archi/Desktop/mc-plugin-generator/output/CustomDespawn/src/main/java/com/customdespawn/listeners/ItemSpawnListener.java",
	"owner": "_generated_diagnostic_collection_name_#2",
	"code": "errors(18): 27:58-27:77",
	"severity": 8,
	"message": "cannot find symbol\n  symbol:   class CustomDespawnConfig\n  location: class ItemSpawnListener",
	"startLineNumber": 27,
	"startColumn": 58,
	"endLineNumber": 27,
	"endColumn": 77,
	"origin": "extHost1"
},{
	"resource": "/c:/Users/Archi/Desktop/mc-plugin-generator/output/CustomDespawn/src/main/java/com/customdespawn/listeners/ItemSpawnListener.java",
	"owner": "_generated_diagnostic_collection_name_#2",
	"code": "errors(25): 30:45-30:58",
	"severity": 8,
	"message": "cannot find symbol\n  symbol:   class NamespacedKey\n  location: class ItemSpawnListener",
	"startLineNumber": 30,
	"startColumn": 45,
	"endLineNumber": 30,
	"endColumn": 58,
	"origin": "extHost1"
},{
	"resource": "/c:/Users/Archi/Desktop/mc-plugin-generator/output/CustomDespawn/src/main/java/com/customdespawn/listeners/ItemSpawnListener.java",
	"owner": "_generated_diagnostic_collection_name_#2",
	"code": "errors(21): 33:6-33:18",
	"severity": 8,
	"message": "cannot find symbol\n  symbol:   class EventHandler\n  location: class ItemSpawnListener",
	"startLineNumber": 33,
	"startColumn": 6,
	"endLineNumber": 33,
	"endColumn": 18,
	"origin": "extHost1"
},{
	"resource": "/c:/Users/Archi/Desktop/mc-plugin-generator/output/CustomDespawn/src/main/java/com/customdespawn/listeners/ItemSpawnListener.java",
	"owner": "_generated_diagnostic_collection_name_#2",
	"code": "errors(22): 33:30-33:43",
	"severity": 8,
	"message": "cannot find symbol\n  symbol:   variable EventPriority\n  location: class ItemSpawnListener",
	"startLineNumber": 33,
	"startColumn": 30,
	"endLineNumber": 33,
	"endColumn": 43,
	"origin": "extHost1"
},{
	"resource": "/c:/Users/Archi/Desktop/mc-plugin-generator/output/CustomDespawn/src/main/java/com/customdespawn/listeners/ItemSpawnListener.java",
	"owner": "_generated_diagnostic_collection_name_#2",
	"code": "errors(19): 34:31-34:47",
	"severity": 8,
	"message": "cannot find symbol\n  symbol:   class PlayerDeathEvent\n  location: class ItemSpawnListener",
	"startLineNumber": 34,
	"startColumn": 31,
	"endLineNumber": 34,
	"endColumn": 47,
	"origin": "extHost1"
},{
	"resource": "/c:/Users/Archi/Desktop/mc-plugin-generator/output/CustomDespawn/src/main/java/com/customdespawn/listeners/ItemSpawnListener.java",
	"owner": "_generated_diagnostic_collection_name_#2",
	"code": "errors(26): 40:14-40:23",
	"severity": 8,
	"message": "cannot find symbol\n  symbol:   class ItemStack\n  location: class ItemSpawnListener",
	"startLineNumber": 40,
	"startColumn": 14,
	"endLineNumber": 40,
	"endColumn": 23,
	"origin": "extHost1"
},{
	"resource": "/c:/Users/Archi/Desktop/mc-plugin-generator/output/CustomDespawn/src/main/java/com/customdespawn/listeners/ItemSpawnListener.java",
	"owner": "_generated_diagnostic_collection_name_#2",
	"code": "errors(27): 44:14-44:23",
	"severity": 8,
	"message": "cannot find symbol\n  symbol:   class ItemStack\n  location: class ItemSpawnListener",
	"startLineNumber": 44,
	"startColumn": 14,
	"endLineNumber": 44,
	"endColumn": 23,
	"origin": "extHost1"
},{
	"resource": "/c:/Users/Archi/Desktop/mc-plugin-generator/output/CustomDespawn/src/main/java/com/customdespawn/listeners/ItemSpawnListener.java",
	"owner": "_generated_diagnostic_collection_name_#2",
	"code": "errors(28): 45:61-45:69",
	"severity": 8,
	"message": "cannot find symbol\n  symbol:   variable Material\n  location: class ItemSpawnListener",
	"startLineNumber": 45,
	"startColumn": 61,
	"endLineNumber": 45,
	"endColumn": 69,
	"origin": "extHost1"
},{
	"resource": "/c:/Users/Archi/Desktop/mc-plugin-generator/output/CustomDespawn/src/main/java/com/customdespawn/listeners/ItemSpawnListener.java",
	"owner": "_generated_diagnostic_collection_name_#2",
	"code": "errors(29): 47:13-47:17",
	"severity": 8,
	"message": "cannot find symbol\n  symbol:   class Item\n  location: class ItemSpawnListener",
	"startLineNumber": 47,
	"startColumn": 13,
	"endLineNumber": 47,
	"endColumn": 17,
	"origin": "extHost1"
},{
	"resource": "/c:/Users/Archi/Desktop/mc-plugin-generator/output/CustomDespawn/src/main/java/com/customdespawn/listeners/ItemSpawnListener.java",
	"owner": "_generated_diagnostic_collection_name_#2",
	"code": "errors(30): 49:87-49:105",
	"severity": 8,
	"message": "cannot find symbol\n  symbol:   variable PersistentDataType\n  location: class ItemSpawnListener",
	"startLineNumber": 49,
	"startColumn": 87,
	"endLineNumber": 49,
	"endColumn": 105,
	"origin": "extHost1"
},{
	"resource": "/c:/Users/Archi/Desktop/mc-plugin-generator/output/CustomDespawn/src/main/java/com/customdespawn/listeners/ItemSpawnListener.java",
	"owner": "_generated_diagnostic_collection_name_#2",
	"code": "errors(23): 57:6-57:18",
	"severity": 8,
	"message": "cannot find symbol\n  symbol:   class EventHandler\n  location: class ItemSpawnListener",
	"startLineNumber": 57,
	"startColumn": 6,
	"endLineNumber": 57,
	"endColumn": 18,
	"origin": "extHost1"
},{
	"resource": "/c:/Users/Archi/Desktop/mc-plugin-generator/output/CustomDespawn/src/main/java/com/customdespawn/listeners/ItemSpawnListener.java",
	"owner": "_generated_diagnostic_collection_name_#2",
	"code": "errors(24): 57:30-57:43",
	"severity": 8,
	"message": "cannot find symbol\n  symbol:   variable EventPriority\n  location: class ItemSpawnListener",
	"startLineNumber": 57,
	"startColumn": 30,
	"endLineNumber": 57,
	"endColumn": 43,
	"origin": "extHost1"
},{
	"resource": "/c:/Users/Archi/Desktop/mc-plugin-generator/output/CustomDespawn/src/main/java/com/customdespawn/listeners/ItemSpawnListener.java",
	"owner": "_generated_diagnostic_collection_name_#2",
	"code": "errors(20): 58:29-58:43",
	"severity": 8,
	"message": "cannot find symbol\n  symbol:   class ItemSpawnEvent\n  location: class ItemSpawnListener",
	"startLineNumber": 58,
	"startColumn": 29,
	"endLineNumber": 58,
	"endColumn": 43,
	"origin": "extHost1"
},{
	"resource": "/c:/Users/Archi/Desktop/mc-plugin-generator/output/CustomDespawn/src/main/java/com/customdespawn/listeners/ItemSpawnListener.java",
	"owner": "_generated_diagnostic_collection_name_#2",
	"code": "errors(31): 59:9-59:13",
	"severity": 8,
	"message": "cannot find symbol\n  symbol:   class Item\n  location: class ItemSpawnListener",
	"startLineNumber": 59,
	"startColumn": 9,
	"endLineNumber": 59,
	"endColumn": 13,
	"origin": "extHost1"
},{
	"resource": "/c:/Users/Archi/Desktop/mc-plugin-generator/output/CustomDespawn/src/main/java/com/customdespawn/listeners/ItemSpawnListener.java",
	"owner": "_generated_diagnostic_collection_name_#2",
	"code": "errors(32): 60:9-60:17",
	"severity": 8,
	"message": "cannot find symbol\n  symbol:   class Material\n  location: class ItemSpawnListener",
	"startLineNumber": 60,
	"startColumn": 9,
	"endLineNumber": 60,
	"endColumn": 17,
	"origin": "extHost1"
},{
	"resource": "/c:/Users/Archi/Desktop/mc-plugin-generator/output/CustomDespawn/src/main/java/com/customdespawn/listeners/ItemSpawnListener.java",
	"owner": "_generated_diagnostic_collection_name_#2",
	"code": "errors(33): 70:77-70:95",
	"severity": 8,
	"message": "cannot find symbol\n  symbol:   variable PersistentDataType\n  location: class ItemSpawnListener",
	"startLineNumber": 70,
	"startColumn": 77,
	"endLineNumber": 70,
	"endColumn": 95,
	"origin": "extHost1"
},{
	"resource": "/c:/Users/Archi/Desktop/mc-plugin-generator/output/CustomDespawn/src/main/java/com/customdespawn/listeners/ItemSpawnListener.java",
	"owner": "_generated_diagnostic_collection_name_#2",
	"code": "errors(34): 78:32-78:51",
	"severity": 8,
	"message": "package CustomDespawnConfig does not exist",
	"startLineNumber": 78,
	"startColumn": 32,
	"endLineNumber": 78,
	"endColumn": 51,
	"origin": "extHost1"
},{
	"resource": "/c:/Users/Archi/Desktop/mc-plugin-generator/output/CustomDespawn/src/main/java/com/customdespawn/listeners/ItemSpawnListener.java",
	"owner": "_generated_diagnostic_collection_name_#2",
	"code": "errors(35): 79:13-79:32",
	"severity": 8,
	"message": "package CustomDespawnConfig does not exist",
	"startLineNumber": 79,
	"startColumn": 13,
	"endLineNumber": 79,
	"endColumn": 32,
	"origin": "extHost1"
},{
	"resource": "/c:/Users/Archi/Desktop/mc-plugin-generator/output/CustomDespawn/src/main/java/com/customdespawn/listeners/ItemSpawnListener.java",
	"owner": "_generated_diagnostic_collection_name_#2",
	"code": "hints(2): 19:1-19:22",
	"severity": 4,
	"message": "Unused Import",
	"startLineNumber": 19,
	"startColumn": 1,
	"endLineNumber": 19,
	"endColumn": 22,
	"origin": "extHost1"
},{
	"resource": "/c:/Users/Archi/Desktop/mc-plugin-generator/output/CustomDespawn/src/main/java/com/customdespawn/listeners/ItemSpawnListener.java",
	"owner": "_generated_diagnostic_collection_name_#2",
	"code": "hints(1): 23:39-23:45",
	"severity": 4,
	"message": "Variable plugin is never read",
	"startLineNumber": 23,
	"startColumn": 39,
	"endLineNumber": 23,
	"endColumn": 45,
	"origin": "extHost1"
},{
	"resource": "/c:/Users/Archi/Desktop/mc-plugin-generator/output/CustomDespawn/src/main/java/com/customdespawn/listeners/ItemSpawnListener.java",
	"owner": "_generated_diagnostic_collection_name_#7",
	"code": "570425421",
	"severity": 4,
	"message": "The value of the field ItemSpawnListener.plugin is not used",
	"source": "Java",
	"startLineNumber": 24,
	"startColumn": 39,
	"endLineNumber": 24,
	"endColumn": 45,
	"tags": [
		1
	],
	"origin": "extHost1"
},{
	"resource": "/c:/Users/Archi/Desktop/mc-plugin-generator/output/CustomDespawn/src/main/java/com/customdespawn/listeners/PlayerJoinListener.java",
	"owner": "_generated_diagnostic_collection_name_#2",
	"code": "errors(1): 3:8-3:11",
	"severity": 8,
	"message": "package com.customdespawn.config does not exist",
	"startLineNumber": 3,
	"startColumn": 8,
	"endLineNumber": 3,
	"endColumn": 11,
	"origin": "extHost1"
},{
	"resource": "/c:/Users/Archi/Desktop/mc-plugin-generator/output/CustomDespawn/src/main/java/com/customdespawn/listeners/PlayerJoinListener.java",
	"owner": "_generated_diagnostic_collection_name_#2",
	"code": "errors(2): 4:8-4:11",
	"severity": 8,
	"message": "package net.kyori.adventure.text does not exist",
	"startLineNumber": 4,
	"startColumn": 8,
	"endLineNumber": 4,
	"endColumn": 11,
	"origin": "extHost1"
},{
	"resource": "/c:/Users/Archi/Desktop/mc-plugin-generator/output/CustomDespawn/src/main/java/com/customdespawn/listeners/PlayerJoinListener.java",
	"owner": "_generated_diagnostic_collection_name_#2",
	"code": "errors(3): 5:8-5:11",
	"severity": 8,
	"message": "package net.kyori.adventure.text.format does not exist",
	"startLineNumber": 5,
	"startColumn": 8,
	"endLineNumber": 5,
	"endColumn": 11,
	"origin": "extHost1"
},{
	"resource": "/c:/Users/Archi/Desktop/mc-plugin-generator/output/CustomDespawn/src/main/java/com/customdespawn/listeners/PlayerJoinListener.java",
	"owner": "_generated_diagnostic_collection_name_#2",
	"code": "errors(4): 6:8-6:11",
	"severity": 8,
	"message": "package org.bukkit.entity does not exist",
	"startLineNumber": 6,
	"startColumn": 8,
	"endLineNumber": 6,
	"endColumn": 11,
	"origin": "extHost1"
},{
	"resource": "/c:/Users/Archi/Desktop/mc-plugin-generator/output/CustomDespawn/src/main/java/com/customdespawn/listeners/PlayerJoinListener.java",
	"owner": "_generated_diagnostic_collection_name_#2",
	"code": "errors(5): 7:8-7:11",
	"severity": 8,
	"message": "package org.bukkit.event does not exist",
	"startLineNumber": 7,
	"startColumn": 8,
	"endLineNumber": 7,
	"endColumn": 11,
	"origin": "extHost1"
},{
	"resource": "/c:/Users/Archi/Desktop/mc-plugin-generator/output/CustomDespawn/src/main/java/com/customdespawn/listeners/PlayerJoinListener.java",
	"owner": "_generated_diagnostic_collection_name_#2",
	"code": "errors(6): 8:8-8:11",
	"severity": 8,
	"message": "package org.bukkit.event does not exist",
	"startLineNumber": 8,
	"startColumn": 8,
	"endLineNumber": 8,
	"endColumn": 11,
	"origin": "extHost1"
},{
	"resource": "/c:/Users/Archi/Desktop/mc-plugin-generator/output/CustomDespawn/src/main/java/com/customdespawn/listeners/PlayerJoinListener.java",
	"owner": "_generated_diagnostic_collection_name_#2",
	"code": "errors(7): 9:8-9:11",
	"severity": 8,
	"message": "package org.bukkit.event.player does not exist",
	"startLineNumber": 9,
	"startColumn": 8,
	"endLineNumber": 9,
	"endColumn": 11,
	"origin": "extHost1"
},{
	"resource": "/c:/Users/Archi/Desktop/mc-plugin-generator/output/CustomDespawn/src/main/java/com/customdespawn/listeners/PlayerJoinListener.java",
	"owner": "_generated_diagnostic_collection_name_#2",
	"code": "errors(8): 11:44-11:52",
	"severity": 8,
	"message": "cannot find symbol\n  symbol: class Listener",
	"startLineNumber": 11,
	"startColumn": 44,
	"endLineNumber": 11,
	"endColumn": 52,
	"origin": "extHost1"
},{
	"resource": "/c:/Users/Archi/Desktop/mc-plugin-generator/output/CustomDespawn/src/main/java/com/customdespawn/listeners/PlayerJoinListener.java",
	"owner": "_generated_diagnostic_collection_name_#2",
	"code": "errors(9): 13:19-13:38",
	"severity": 8,
	"message": "cannot find symbol\n  symbol:   class CustomDespawnConfig\n  location: class PlayerJoinListener",
	"startLineNumber": 13,
	"startColumn": 19,
	"endLineNumber": 13,
	"endColumn": 38,
	"origin": "extHost1"
},{
	"resource": "/c:/Users/Archi/Desktop/mc-plugin-generator/output/CustomDespawn/src/main/java/com/customdespawn/listeners/PlayerJoinListener.java",
	"owner": "_generated_diagnostic_collection_name_#2",
	"code": "errors(10): 15:31-15:50",
	"severity": 8,
	"message": "cannot find symbol\n  symbol:   class CustomDespawnConfig\n  location: class PlayerJoinListener",
	"startLineNumber": 15,
	"startColumn": 31,
	"endLineNumber": 15,
	"endColumn": 50,
	"origin": "extHost1"
},{
	"resource": "/c:/Users/Archi/Desktop/mc-plugin-generator/output/CustomDespawn/src/main/java/com/customdespawn/listeners/PlayerJoinListener.java",
	"owner": "_generated_diagnostic_collection_name_#2",
	"code": "errors(12): 19:6-19:18",
	"severity": 8,
	"message": "cannot find symbol\n  symbol:   class EventHandler\n  location: class PlayerJoinListener",
	"startLineNumber": 19,
	"startColumn": 6,
	"endLineNumber": 19,
	"endColumn": 18,
	"origin": "extHost1"
},{
	"resource": "/c:/Users/Archi/Desktop/mc-plugin-generator/output/CustomDespawn/src/main/java/com/customdespawn/listeners/PlayerJoinListener.java",
	"owner": "_generated_diagnostic_collection_name_#2",
	"code": "errors(11): 20:30-20:45",
	"severity": 8,
	"message": "cannot find symbol\n  symbol:   class PlayerJoinEvent\n  location: class PlayerJoinListener",
	"startLineNumber": 20,
	"startColumn": 30,
	"endLineNumber": 20,
	"endColumn": 45,
	"origin": "extHost1"
},{
	"resource": "/c:/Users/Archi/Desktop/mc-plugin-generator/output/CustomDespawn/src/main/java/com/customdespawn/listeners/PlayerJoinListener.java",
	"owner": "_generated_diagnostic_collection_name_#2",
	"code": "errors(13): 21:9-21:15",
	"severity": 8,
	"message": "cannot find symbol\n  symbol:   class Player\n  location: class PlayerJoinListener",
	"startLineNumber": 21,
	"startColumn": 9,
	"endLineNumber": 21,
	"endColumn": 15,
	"origin": "extHost1"
},{
	"resource": "/c:/Users/Archi/Desktop/mc-plugin-generator/output/CustomDespawn/src/main/java/com/customdespawn/listeners/PlayerJoinListener.java",
	"owner": "_generated_diagnostic_collection_name_#2",
	"code": "errors(14): 25:13-25:22",
	"severity": 8,
	"message": "cannot find symbol\n  symbol:   class Component\n  location: class PlayerJoinListener",
	"startLineNumber": 25,
	"startColumn": 13,
	"endLineNumber": 25,
	"endColumn": 22,
	"origin": "extHost1"
},{
	"resource": "/c:/Users/Archi/Desktop/mc-plugin-generator/output/CustomDespawn/src/main/java/com/customdespawn/listeners/PlayerJoinListener.java",
	"owner": "_generated_diagnostic_collection_name_#2",
	"code": "errors(16): 25:33-25:42",
	"severity": 8,
	"message": "cannot find symbol\n  symbol:   variable Component\n  location: class PlayerJoinListener",
	"startLineNumber": 25,
	"startColumn": 33,
	"endLineNumber": 25,
	"endColumn": 42,
	"origin": "extHost1"
},{
	"resource": "/c:/Users/Archi/Desktop/mc-plugin-generator/output/CustomDespawn/src/main/java/com/customdespawn/listeners/PlayerJoinListener.java",
	"owner": "_generated_diagnostic_collection_name_#2",
	"code": "errors(15): 25:116-25:130",
	"severity": 8,
	"message": "cannot find symbol\n  symbol:   variable NamedTextColor\n  location: class PlayerJoinListener",
	"startLineNumber": 25,
	"startColumn": 116,
	"endLineNumber": 25,
	"endColumn": 130,
	"origin": "extHost1"
},{
	"resource": "/c:/Users/Archi/Desktop/mc-plugin-generator/output/CustomDespawn/src/main/java/com/customdespawn/listeners/PlayerJoinListener.java",
	"owner": "_generated_diagnostic_collection_name_#2",
	"code": "errors(18): 26:29-26:38",
	"severity": 8,
	"message": "cannot find symbol\n  symbol:   variable Component\n  location: class PlayerJoinListener",
	"startLineNumber": 26,
	"startColumn": 29,
	"endLineNumber": 26,
	"endColumn": 38,
	"origin": "extHost1"
},{
	"resource": "/c:/Users/Archi/Desktop/mc-plugin-generator/output/CustomDespawn/src/main/java/com/customdespawn/listeners/PlayerJoinListener.java",
	"owner": "_generated_diagnostic_collection_name_#2",
	"code": "errors(17): 26:70-26:84",
	"severity": 8,
	"message": "cannot find symbol\n  symbol:   variable NamedTextColor\n  location: class PlayerJoinListener",
	"startLineNumber": 26,
	"startColumn": 70,
	"endLineNumber": 26,
	"endColumn": 84,
	"origin": "extHost1"
},{
	"resource": "/c:/Users/Archi/Desktop/mc-plugin-generator/output/CustomDespawn/src/main/java/com/customdespawn/util/TimeParser.java",
	"owner": "_generated_diagnostic_collection_name_#2",
	"code": "errors(1): 3:26-3:45",
	"severity": 8,
	"message": "cannot find symbol\n  symbol:   class CustomDespawnPlugin\n  location: package com.customdespawn",
	"startLineNumber": 3,
	"startColumn": 26,
	"endLineNumber": 3,
	"endColumn": 45,
	"modelVersionId": 1,
	"origin": "extHost1"
},{
	"resource": "/c:/Users/Archi/Desktop/mc-plugin-generator/output/CustomDespawn/src/main/java/com/customdespawn/util/TimeParser.java",
	"owner": "_generated_diagnostic_collection_name_#2",
	"code": "errors(2): 49:13-49:32",
	"severity": 8,
	"message": "cannot find symbol\n  symbol:   variable CustomDespawnPlugin\n  location: class TimeParser",
	"startLineNumber": 49,
	"startColumn": 13,
	"endLineNumber": 49,
	"endColumn": 32,
	"modelVersionId": 1,
	"origin": "extHost1"
},{
	"resource": "/c:/Users/Archi/Desktop/mc-plugin-generator/output/CustomDespawn/src/main/java/com/customdespawn/util/TimeParser.java",
	"owner": "_generated_diagnostic_collection_name_#2",
	"code": "hints(1): 33:13-33:15",
	"severity": 4,
	"message": "Convert to switch",
	"startLineNumber": 33,
	"startColumn": 13,
	"endLineNumber": 33,
	"endColumn": 15,
	"modelVersionId": 1,
	"origin": "extHost1"
}]